// Jest Snapshot v1, https://goo.gl/fbAQLP

exports[`Button Button Theme 1`] = `ReactWrapper {}`;

exports[`Button Outline Button 1`] = `ReactWrapper {}`;
